// Jest Snapshot v1, https://goo.gl/fbAQLP

exports[`Pruebas en componente GifCard Matchear con snapshot 1`] = `
<div>
  <div
    class="card"
  >
    <p>
      Naruto
    </p>
    <img
      src="Naruto"
    />
  </div>
</div>
`;
